
> @trueself/shared-types@0.0.1 build /Users/m3/Work/trueself/packages/shared-types
> tsc

../../apps/agent/vite.config.ts(3,1): error TS2578: Unused '@ts-expect-error' directive.
../../apps/web/src/actions/auth.ts(11,8): error TS2307: Cannot find module '@/lib/definitions' or its corresponding type declarations.
../../apps/web/src/actions/auth.ts(12,58): error TS2307: Cannot find module '@/lib/session' or its corresponding type declarations.
../../apps/web/src/actions/auth.ts(13,25): error TS2307: Cannot find module '@/lib/constants' or its corresponding type declarations.
../../apps/web/src/app/(auth)/invite/[token]/accept-invite-form.tsx(4,30): error TS2307: Cannot find module '@/actions/auth' or its corresponding type declarations.
../../apps/web/src/app/(auth)/invite/[token]/accept-invite-form.tsx(5,27): error TS2307: Cannot find module '@/components/form-field' or its corresponding type declarations.
../../apps/web/src/app/(auth)/invite/[token]/accept-invite-form.tsx(6,30): error TS2307: Cannot find module '@/components/submit-button' or its corresponding type declarations.
../../apps/web/src/app/(auth)/invite/[token]/accept-invite-form.tsx(22,5): error TS17004: Cannot use JSX unless the '--jsx' flag is provided.
../../apps/web/src/app/(auth)/invite/[token]/accept-invite-form.tsx(23,15): error TS2339: Property 'message' does not exist on type 'never'.
../../apps/web/src/app/(auth)/invite/[token]/accept-invite-form.tsx(23,33): error TS2339: Property 'success' does not exist on type 'never'.
../../apps/web/src/app/(auth)/invite/[token]/accept-invite-form.tsx(24,9): error TS17004: Cannot use JSX unless the '--jsx' flag is provided.
../../apps/web/src/app/(auth)/invite/[token]/accept-invite-form.tsx(25,11): error TS17004: Cannot use JSX unless the '--jsx' flag is provided.
../../apps/web/src/app/(auth)/invite/[token]/accept-invite-form.tsx(26,13): error TS17004: Cannot use JSX unless the '--jsx' flag is provided.
../../apps/web/src/app/(auth)/invite/[token]/accept-invite-form.tsx(27,15): error TS17004: Cannot use JSX unless the '--jsx' flag is provided.
../../apps/web/src/app/(auth)/invite/[token]/accept-invite-form.tsx(33,20): error TS2339: Property 'message' does not exist on type 'never'.
../../apps/web/src/app/(auth)/invite/[token]/accept-invite-form.tsx(38,7): error TS17004: Cannot use JSX unless the '--jsx' flag is provided.
../../apps/web/src/app/(auth)/invite/[token]/accept-invite-form.tsx(39,9): error TS17004: Cannot use JSX unless the '--jsx' flag is provided.
../../apps/web/src/app/(auth)/invite/[token]/accept-invite-form.tsx(41,9): error TS17004: Cannot use JSX unless the '--jsx' flag is provided.
../../apps/web/src/app/(auth)/invite/[token]/accept-invite-form.tsx(43,11): error TS17004: Cannot use JSX unless the '--jsx' flag is provided.
../../apps/web/src/app/(auth)/invite/[token]/accept-invite-form.tsx(44,13): error TS17004: Cannot use JSX unless the '--jsx' flag is provided.
../../apps/web/src/app/(auth)/invite/[token]/accept-invite-form.tsx(47,13): error TS17004: Cannot use JSX unless the '--jsx' flag is provided.
../../apps/web/src/app/(auth)/invite/[token]/accept-invite-form.tsx(52,11): error TS17004: Cannot use JSX unless the '--jsx' flag is provided.
../../apps/web/src/app/(auth)/invite/[token]/accept-invite-form.tsx(59,28): error TS2339: Property 'errors' does not exist on type 'never'.
../../apps/web/src/app/(auth)/invite/[token]/accept-invite-form.tsx(62,11): error TS17004: Cannot use JSX unless the '--jsx' flag is provided.
../../apps/web/src/app/(auth)/invite/[token]/accept-invite-form.tsx(68,28): error TS2339: Property 'errors' does not exist on type 'never'.
../../apps/web/src/app/(auth)/invite/[token]/accept-invite-form.tsx(73,9): error TS17004: Cannot use JSX unless the '--jsx' flag is provided.
../../apps/web/src/app/(auth)/invite/[token]/accept-invite-form.tsx(74,11): error TS17004: Cannot use JSX unless the '--jsx' flag is provided.
../../apps/web/src/app/(auth)/invite/[token]/accept-invite-form.tsx(75,13): error TS17004: Cannot use JSX unless the '--jsx' flag is provided.
../../apps/web/src/app/(auth)/invite/[token]/accept-invite-form.tsx(76,15): error TS17004: Cannot use JSX unless the '--jsx' flag is provided.
../../apps/web/src/app/(auth)/invite/[token]/page.tsx(1,25): error TS2307: Cannot find module '@/lib/constants' or its corresponding type declarations.
../../apps/web/src/app/(auth)/invite/[token]/page.tsx(2,34): error TS6142: Module './accept-invite-form' was resolved to '/Users/m3/Work/trueself/apps/web/src/app/(auth)/invite/[token]/accept-invite-form.tsx', but '--jsx' is not set.
../../apps/web/src/app/(auth)/invite/[token]/page.tsx(25,7): error TS17004: Cannot use JSX unless the '--jsx' flag is provided.
../../apps/web/src/app/(auth)/invite/[token]/page.tsx(26,9): error TS17004: Cannot use JSX unless the '--jsx' flag is provided.
../../apps/web/src/app/(auth)/invite/[token]/page.tsx(27,11): error TS17004: Cannot use JSX unless the '--jsx' flag is provided.
../../apps/web/src/app/(auth)/invite/[token]/page.tsx(34,13): error TS17004: Cannot use JSX unless the '--jsx' flag is provided.
../../apps/web/src/app/(auth)/invite/[token]/page.tsx(43,9): error TS17004: Cannot use JSX unless the '--jsx' flag is provided.
../../apps/web/src/app/(auth)/invite/[token]/page.tsx(46,9): error TS17004: Cannot use JSX unless the '--jsx' flag is provided.
../../apps/web/src/app/(auth)/invite/[token]/page.tsx(49,9): error TS17004: Cannot use JSX unless the '--jsx' flag is provided.
../../apps/web/src/app/(auth)/invite/[token]/page.tsx(60,5): error TS17004: Cannot use JSX unless the '--jsx' flag is provided.
../../apps/web/src/app/(auth)/invite/[token]/page.tsx(61,7): error TS17004: Cannot use JSX unless the '--jsx' flag is provided.
../../apps/web/src/app/(auth)/invite/[token]/page.tsx(62,9): error TS17004: Cannot use JSX unless the '--jsx' flag is provided.
../../apps/web/src/app/(auth)/invite/[token]/page.tsx(63,11): error TS17004: Cannot use JSX unless the '--jsx' flag is provided.
../../apps/web/src/app/(auth)/invite/[token]/page.tsx(70,13): error TS17004: Cannot use JSX unless the '--jsx' flag is provided.
../../apps/web/src/app/(auth)/invite/[token]/page.tsx(77,13): error TS17004: Cannot use JSX unless the '--jsx' flag is provided.
../../apps/web/src/app/(auth)/invite/[token]/page.tsx(84,13): error TS17004: Cannot use JSX unless the '--jsx' flag is provided.
../../apps/web/src/app/(auth)/invite/[token]/page.tsx(92,9): error TS17004: Cannot use JSX unless the '--jsx' flag is provided.
../../apps/web/src/app/(auth)/invite/[token]/page.tsx(95,9): error TS17004: Cannot use JSX unless the '--jsx' flag is provided.
../../apps/web/src/app/(auth)/invite/[token]/page.tsx(101,7): error TS17004: Cannot use JSX unless the '--jsx' flag is provided.
../../apps/web/src/app/(auth)/layout.tsx(1,22): error TS2307: Cannot find module '@/components/logo' or its corresponding type declarations.
../../apps/web/src/app/(auth)/layout.tsx(9,5): error TS17004: Cannot use JSX unless the '--jsx' flag is provided.
../../apps/web/src/app/(auth)/layout.tsx(11,7): error TS17004: Cannot use JSX unless the '--jsx' flag is provided.
../../apps/web/src/app/(auth)/layout.tsx(12,7): error TS17004: Cannot use JSX unless the '--jsx' flag is provided.
../../apps/web/src/app/(auth)/layout.tsx(15,7): error TS17004: Cannot use JSX unless the '--jsx' flag is provided.
../../apps/web/src/app/(auth)/layout.tsx(16,9): error TS17004: Cannot use JSX unless the '--jsx' flag is provided.
../../apps/web/src/app/(auth)/layout.tsx(17,11): error TS17004: Cannot use JSX unless the '--jsx' flag is provided.
../../apps/web/src/app/(auth)/layout.tsx(22,7): error TS17004: Cannot use JSX unless the '--jsx' flag is provided.
../../apps/web/src/app/(auth)/layout.tsx(23,9): error TS17004: Cannot use JSX unless the '--jsx' flag is provided.
../../apps/web/src/app/(auth)/layout.tsx(27,7): error TS17004: Cannot use JSX unless the '--jsx' flag is provided.
../../apps/web/src/app/(auth)/layout.tsx(28,9): error TS17004: Cannot use JSX unless the '--jsx' flag is provided.
../../apps/web/src/app/(auth)/login/page.tsx(4,23): error TS2307: Cannot find module '@/actions/auth' or its corresponding type declarations.
../../apps/web/src/app/(auth)/login/page.tsx(5,27): error TS2307: Cannot find module '@/components/form-field' or its corresponding type declarations.
../../apps/web/src/app/(auth)/login/page.tsx(6,30): error TS2307: Cannot find module '@/components/submit-button' or its corresponding type declarations.
../../apps/web/src/app/(auth)/login/page.tsx(12,5): error TS17004: Cannot use JSX unless the '--jsx' flag is provided.
../../apps/web/src/app/(auth)/login/page.tsx(14,7): error TS17004: Cannot use JSX unless the '--jsx' flag is provided.
../../apps/web/src/app/(auth)/login/page.tsx(15,9): error TS17004: Cannot use JSX unless the '--jsx' flag is provided.
../../apps/web/src/app/(auth)/login/page.tsx(16,11): error TS17004: Cannot use JSX unless the '--jsx' flag is provided.
../../apps/web/src/app/(auth)/login/page.tsx(23,13): error TS17004: Cannot use JSX unless the '--jsx' flag is provided.
../../apps/web/src/app/(auth)/login/page.tsx(32,13): error TS17004: Cannot use JSX unless the '--jsx' flag is provided.
../../apps/web/src/app/(auth)/login/page.tsx(38,13): error TS17004: Cannot use JSX unless the '--jsx' flag is provided.
../../apps/web/src/app/(auth)/login/page.tsx(41,9): error TS17004: Cannot use JSX unless the '--jsx' flag is provided.
../../apps/web/src/app/(auth)/login/page.tsx(42,9): error TS17004: Cannot use JSX unless the '--jsx' flag is provided.
../../apps/web/src/app/(auth)/login/page.tsx(48,15): error TS2339: Property 'message' does not exist on type 'never'.
../../apps/web/src/app/(auth)/login/page.tsx(48,33): error TS2339: Property 'success' does not exist on type 'never'.
../../apps/web/src/app/(auth)/login/page.tsx(49,9): error TS17004: Cannot use JSX unless the '--jsx' flag is provided.
../../apps/web/src/app/(auth)/login/page.tsx(50,11): error TS17004: Cannot use JSX unless the '--jsx' flag is provided.
../../apps/web/src/app/(auth)/login/page.tsx(51,13): error TS17004: Cannot use JSX unless the '--jsx' flag is provided.
../../apps/web/src/app/(auth)/login/page.tsx(52,15): error TS17004: Cannot use JSX unless the '--jsx' flag is provided.
../../apps/web/src/app/(auth)/login/page.tsx(58,20): error TS2339: Property 'message' does not exist on type 'never'.
../../apps/web/src/app/(auth)/login/page.tsx(64,7): error TS17004: Cannot use JSX unless the '--jsx' flag is provided.
../../apps/web/src/app/(auth)/login/page.tsx(65,9): error TS17004: Cannot use JSX unless the '--jsx' flag is provided.
../../apps/web/src/app/(auth)/login/page.tsx(66,11): error TS17004: Cannot use JSX unless the '--jsx' flag is provided.
../../apps/web/src/app/(auth)/login/page.tsx(73,28): error TS2339: Property 'errors' does not exist on type 'never'.
../../apps/web/src/app/(auth)/login/page.tsx(76,11): error TS17004: Cannot use JSX unless the '--jsx' flag is provided.
../../apps/web/src/app/(auth)/login/page.tsx(82,28): error TS2339: Property 'errors' does not exist on type 'never'.
../../apps/web/src/app/(auth)/login/page.tsx(87,9): error TS17004: Cannot use JSX unless the '--jsx' flag is provided.
../../apps/web/src/app/(auth)/login/page.tsx(88,11): error TS17004: Cannot use JSX unless the '--jsx' flag is provided.
../../apps/web/src/app/(auth)/login/page.tsx(89,13): error TS17004: Cannot use JSX unless the '--jsx' flag is provided.
../../apps/web/src/app/(auth)/login/page.tsx(90,15): error TS17004: Cannot use JSX unless the '--jsx' flag is provided.
../../apps/web/src/app/(auth)/login/page.tsx(102,7): error TS17004: Cannot use JSX unless the '--jsx' flag is provided.
../../apps/web/src/app/(auth)/login/page.tsx(104,9): error TS17004: Cannot use JSX unless the '--jsx' flag is provided.
../../apps/web/src/app/(auth)/signup/page.tsx(4,24): error TS2307: Cannot find module '@/actions/auth' or its corresponding type declarations.
../../apps/web/src/app/(auth)/signup/page.tsx(5,27): error TS2307: Cannot find module '@/components/form-field' or its corresponding type declarations.
../../apps/web/src/app/(auth)/signup/page.tsx(6,30): error TS2307: Cannot find module '@/components/submit-button' or its corresponding type declarations.
../../apps/web/src/app/(auth)/signup/page.tsx(12,5): error TS17004: Cannot use JSX unless the '--jsx' flag is provided.
../../apps/web/src/app/(auth)/signup/page.tsx(14,7): error TS17004: Cannot use JSX unless the '--jsx' flag is provided.
../../apps/web/src/app/(auth)/signup/page.tsx(15,9): error TS17004: Cannot use JSX unless the '--jsx' flag is provided.
../../apps/web/src/app/(auth)/signup/page.tsx(16,11): error TS17004: Cannot use JSX unless the '--jsx' flag is provided.
../../apps/web/src/app/(auth)/signup/page.tsx(23,13): error TS17004: Cannot use JSX unless the '--jsx' flag is provided.
../../apps/web/src/app/(auth)/signup/page.tsx(28,13): error TS17004: Cannot use JSX unless the '--jsx' flag is provided.
../../apps/web/src/app/(auth)/signup/page.tsx(35,13): error TS17004: Cannot use JSX unless the '--jsx' flag is provided.
../../apps/web/src/app/(auth)/signup/page.tsx(43,9): error TS17004: Cannot use JSX unless the '--jsx' flag is provided.
../../apps/web/src/app/(auth)/signup/page.tsx(46,9): error TS17004: Cannot use JSX unless the '--jsx' flag is provided.
../../apps/web/src/app/(auth)/signup/page.tsx(53,15): error TS2339: Property 'message' does not exist on type 'never'.
../../apps/web/src/app/(auth)/signup/page.tsx(53,33): error TS2339: Property 'success' does not exist on type 'never'.
../../apps/web/src/app/(auth)/signup/page.tsx(54,9): error TS17004: Cannot use JSX unless the '--jsx' flag is provided.
../../apps/web/src/app/(auth)/signup/page.tsx(55,11): error TS17004: Cannot use JSX unless the '--jsx' flag is provided.
../../apps/web/src/app/(auth)/signup/page.tsx(56,13): error TS17004: Cannot use JSX unless the '--jsx' flag is provided.
../../apps/web/src/app/(auth)/signup/page.tsx(57,15): error TS17004: Cannot use JSX unless the '--jsx' flag is provided.
../../apps/web/src/app/(auth)/signup/page.tsx(63,20): error TS2339: Property 'message' does not exist on type 'never'.
../../apps/web/src/app/(auth)/signup/page.tsx(69,7): error TS17004: Cannot use JSX unless the '--jsx' flag is provided.
../../apps/web/src/app/(auth)/signup/page.tsx(70,9): error TS17004: Cannot use JSX unless the '--jsx' flag is provided.
../../apps/web/src/app/(auth)/signup/page.tsx(71,11): error TS17004: Cannot use JSX unless the '--jsx' flag is provided.
../../apps/web/src/app/(auth)/signup/page.tsx(77,28): error TS2339: Property 'errors' does not exist on type 'never'.
../../apps/web/src/app/(auth)/signup/page.tsx(80,11): error TS17004: Cannot use JSX unless the '--jsx' flag is provided.
../../apps/web/src/app/(auth)/signup/page.tsx(86,28): error TS2339: Property 'errors' does not exist on type 'never'.
../../apps/web/src/app/(auth)/signup/page.tsx(89,11): error TS17004: Cannot use JSX unless the '--jsx' flag is provided.
../../apps/web/src/app/(auth)/signup/page.tsx(95,28): error TS2339: Property 'errors' does not exist on type 'never'.
../../apps/web/src/app/(auth)/signup/page.tsx(98,11): error TS17004: Cannot use JSX unless the '--jsx' flag is provided.
../../apps/web/src/app/(auth)/signup/page.tsx(103,28): error TS2339: Property 'errors' does not exist on type 'never'.
../../apps/web/src/app/(auth)/signup/page.tsx(108,9): error TS17004: Cannot use JSX unless the '--jsx' flag is provided.
../../apps/web/src/app/(auth)/signup/page.tsx(109,11): error TS17004: Cannot use JSX unless the '--jsx' flag is provided.
../../apps/web/src/app/(auth)/signup/page.tsx(110,13): error TS17004: Cannot use JSX unless the '--jsx' flag is provided.
../../apps/web/src/app/(auth)/signup/page.tsx(111,15): error TS17004: Cannot use JSX unless the '--jsx' flag is provided.
../../apps/web/src/app/(auth)/signup/page.tsx(123,7): error TS17004: Cannot use JSX unless the '--jsx' flag is provided.
../../apps/web/src/app/(auth)/signup/page.tsx(125,9): error TS17004: Cannot use JSX unless the '--jsx' flag is provided.
../../apps/web/src/app/(auth)/verify/page.tsx(1,22): error TS2307: Cannot find module '@/components/logo' or its corresponding type declarations.
../../apps/web/src/app/(auth)/verify/page.tsx(5,5): error TS17004: Cannot use JSX unless the '--jsx' flag is provided.
../../apps/web/src/app/(auth)/verify/page.tsx(6,7): error TS17004: Cannot use JSX unless the '--jsx' flag is provided.
../../apps/web/src/app/(auth)/verify/page.tsx(7,9): error TS17004: Cannot use JSX unless the '--jsx' flag is provided.
../../apps/web/src/app/(auth)/verify/page.tsx(14,11): error TS17004: Cannot use JSX unless the '--jsx' flag is provided.
../../apps/web/src/app/(auth)/verify/page.tsx(23,7): error TS17004: Cannot use JSX unless the '--jsx' flag is provided.
../../apps/web/src/app/(auth)/verify/page.tsx(26,7): error TS17004: Cannot use JSX unless the '--jsx' flag is provided.
../../apps/web/src/app/(auth)/verify/page.tsx(31,7): error TS17004: Cannot use JSX unless the '--jsx' flag is provided.
../../apps/web/src/app/(auth)/verify/page.tsx(32,9): error TS17004: Cannot use JSX unless the '--jsx' flag is provided.
../../apps/web/src/app/(auth)/verify/page.tsx(33,11): error TS17004: Cannot use JSX unless the '--jsx' flag is provided.
../../apps/web/src/app/(auth)/verify/page.tsx(34,11): error TS17004: Cannot use JSX unless the '--jsx' flag is provided.
../../apps/web/src/app/(auth)/verify/page.tsx(41,9): error TS17004: Cannot use JSX unless the '--jsx' flag is provided.
../../apps/web/src/app/(auth)/verify/page.tsx(43,11): error TS17004: Cannot use JSX unless the '--jsx' flag is provided.
../../apps/web/src/app/(auth)/verify/page.tsx(50,7): error TS17004: Cannot use JSX unless the '--jsx' flag is provided.
../../apps/web/src/app/(auth)/verify/page.tsx(51,9): error TS17004: Cannot use JSX unless the '--jsx' flag is provided.
../../apps/web/src/app/(dashboard)/dashboard/page.tsx(2,41): error TS2307: Cannot find module '@/lib/session' or its corresponding type declarations.
../../apps/web/src/app/(dashboard)/dashboard/page.tsx(3,34): error TS2307: Cannot find module '@/components/onboarding-wizard' or its corresponding type declarations.
../../apps/web/src/app/(dashboard)/dashboard/page.tsx(4,25): error TS2307: Cannot find module '@/lib/constants' or its corresponding type declarations.
../../apps/web/src/app/(dashboard)/dashboard/page.tsx(39,5): error TS17004: Cannot use JSX unless the '--jsx' flag is provided.
../../apps/web/src/app/(dashboard)/dashboard/page.tsx(40,26): error TS17004: Cannot use JSX unless the '--jsx' flag is provided.
../../apps/web/src/app/(dashboard)/dashboard/page.tsx(42,7): error TS17004: Cannot use JSX unless the '--jsx' flag is provided.
../../apps/web/src/app/(dashboard)/dashboard/page.tsx(44,9): error TS17004: Cannot use JSX unless the '--jsx' flag is provided.
../../apps/web/src/app/(dashboard)/dashboard/page.tsx(45,11): error TS17004: Cannot use JSX unless the '--jsx' flag is provided.
../../apps/web/src/app/(dashboard)/dashboard/page.tsx(47,13): error TS17004: Cannot use JSX unless the '--jsx' flag is provided.
../../apps/web/src/app/(dashboard)/dashboard/page.tsx(49,11): error TS17004: Cannot use JSX unless the '--jsx' flag is provided.
../../apps/web/src/app/(dashboard)/dashboard/page.tsx(57,9): error TS17004: Cannot use JSX unless the '--jsx' flag is provided.
../../apps/web/src/app/(dashboard)/dashboard/page.tsx(58,11): error TS17004: Cannot use JSX unless the '--jsx' flag is provided.
../../apps/web/src/app/(dashboard)/dashboard/page.tsx(62,15): error TS17004: Cannot use JSX unless the '--jsx' flag is provided.
../../apps/web/src/app/(dashboard)/dashboard/page.tsx(63,17): error TS17004: Cannot use JSX unless the '--jsx' flag is provided.
../../apps/web/src/app/(dashboard)/dashboard/page.tsx(67,11): error TS17004: Cannot use JSX unless the '--jsx' flag is provided.
../../apps/web/src/app/(dashboard)/dashboard/page.tsx(71,15): error TS17004: Cannot use JSX unless the '--jsx' flag is provided.
../../apps/web/src/app/(dashboard)/dashboard/page.tsx(72,17): error TS17004: Cannot use JSX unless the '--jsx' flag is provided.
../../apps/web/src/app/(dashboard)/dashboard/page.tsx(73,17): error TS17004: Cannot use JSX unless the '--jsx' flag is provided.
../../apps/web/src/app/(dashboard)/dashboard/page.tsx(79,13): error TS17004: Cannot use JSX unless the '--jsx' flag is provided.
../../apps/web/src/app/(dashboard)/dashboard/page.tsx(83,17): error TS17004: Cannot use JSX unless the '--jsx' flag is provided.
../../apps/web/src/app/(dashboard)/dashboard/page.tsx(84,19): error TS17004: Cannot use JSX unless the '--jsx' flag is provided.
../../apps/web/src/app/(dashboard)/dashboard/page.tsx(85,19): error TS17004: Cannot use JSX unless the '--jsx' flag is provided.
../../apps/web/src/app/(dashboard)/dashboard/page.tsx(86,19): error TS17004: Cannot use JSX unless the '--jsx' flag is provided.
../../apps/web/src/app/(dashboard)/dashboard/page.tsx(87,19): error TS17004: Cannot use JSX unless the '--jsx' flag is provided.
../../apps/web/src/app/(dashboard)/dashboard/page.tsx(92,11): error TS17004: Cannot use JSX unless the '--jsx' flag is provided.
../../apps/web/src/app/(dashboard)/dashboard/page.tsx(96,15): error TS17004: Cannot use JSX unless the '--jsx' flag is provided.
../../apps/web/src/app/(dashboard)/dashboard/page.tsx(97,17): error TS17004: Cannot use JSX unless the '--jsx' flag is provided.
../../apps/web/src/app/(dashboard)/dashboard/page.tsx(104,9): error TS17004: Cannot use JSX unless the '--jsx' flag is provided.
../../apps/web/src/app/(dashboard)/dashboard/page.tsx(105,11): error TS17004: Cannot use JSX unless the '--jsx' flag is provided.
../../apps/web/src/app/(dashboard)/dashboard/page.tsx(108,11): error TS17004: Cannot use JSX unless the '--jsx' flag is provided.
../../apps/web/src/app/(dashboard)/dashboard/page.tsx(109,13): error TS17004: Cannot use JSX unless the '--jsx' flag is provided.
../../apps/web/src/app/(dashboard)/dashboard/page.tsx(113,15): error TS17004: Cannot use JSX unless the '--jsx' flag is provided.
../../apps/web/src/app/(dashboard)/dashboard/page.tsx(114,17): error TS17004: Cannot use JSX unless the '--jsx' flag is provided.
../../apps/web/src/app/(dashboard)/dashboard/page.tsx(115,19): error TS17004: Cannot use JSX unless the '--jsx' flag is provided.
../../apps/web/src/app/(dashboard)/dashboard/page.tsx(118,15): error TS17004: Cannot use JSX unless the '--jsx' flag is provided.
../../apps/web/src/app/(dashboard)/dashboard/page.tsx(119,17): error TS17004: Cannot use JSX unless the '--jsx' flag is provided.
../../apps/web/src/app/(dashboard)/dashboard/page.tsx(122,17): error TS17004: Cannot use JSX unless the '--jsx' flag is provided.
../../apps/web/src/app/(dashboard)/dashboard/page.tsx(128,15): error TS17004: Cannot use JSX unless the '--jsx' flag is provided.
../../apps/web/src/app/(dashboard)/dashboard/page.tsx(132,17): error TS17004: Cannot use JSX unless the '--jsx' flag is provided.
../../apps/web/src/app/(dashboard)/dashboard/page.tsx(133,19): error TS17004: Cannot use JSX unless the '--jsx' flag is provided.
../../apps/web/src/app/(dashboard)/dashboard/page.tsx(134,21): error TS17004: Cannot use JSX unless the '--jsx' flag is provided.
../../apps/web/src/app/(dashboard)/dashboard/page.tsx(135,21): error TS17004: Cannot use JSX unless the '--jsx' flag is provided.
../../apps/web/src/app/(dashboard)/dashboard/page.tsx(136,21): error TS17004: Cannot use JSX unless the '--jsx' flag is provided.
../../apps/web/src/app/(dashboard)/dashboard/page.tsx(139,17): error TS17004: Cannot use JSX unless the '--jsx' flag is provided.
../../apps/web/src/app/(dashboard)/dashboard/page.tsx(140,19): error TS17004: Cannot use JSX unless the '--jsx' flag is provided.
../../apps/web/src/app/(dashboard)/dashboard/page.tsx(143,19): error TS17004: Cannot use JSX unless the '--jsx' flag is provided.
../../apps/web/src/app/(dashboard)/dashboard/page.tsx(153,9): error TS17004: Cannot use JSX unless the '--jsx' flag is provided.
../../apps/web/src/app/(dashboard)/dashboard/page.tsx(154,11): error TS17004: Cannot use JSX unless the '--jsx' flag is provided.
../../apps/web/src/app/(dashboard)/dashboard/page.tsx(157,11): error TS17004: Cannot use JSX unless the '--jsx' flag is provided.
../../apps/web/src/app/(dashboard)/dashboard/page.tsx(158,13): error TS17004: Cannot use JSX unless the '--jsx' flag is provided.
../../apps/web/src/app/(dashboard)/dashboard/page.tsx(159,15): error TS17004: Cannot use JSX unless the '--jsx' flag is provided.
../../apps/web/src/app/(dashboard)/dashboard/page.tsx(160,17): error TS17004: Cannot use JSX unless the '--jsx' flag is provided.
../../apps/web/src/app/(dashboard)/dashboard/page.tsx(163,13): error TS17004: Cannot use JSX unless the '--jsx' flag is provided.
../../apps/web/src/app/(dashboard)/dashboard/page.tsx(166,13): error TS17004: Cannot use JSX unless the '--jsx' flag is provided.
../../apps/web/src/app/(dashboard)/dashboard/page.tsx(196,5): error TS17004: Cannot use JSX unless the '--jsx' flag is provided.
../../apps/web/src/app/(dashboard)/dashboard/page.tsx(203,7): error TS17004: Cannot use JSX unless the '--jsx' flag is provided.
../../apps/web/src/app/(dashboard)/dashboard/page.tsx(204,9): error TS17004: Cannot use JSX unless the '--jsx' flag is provided.
../../apps/web/src/app/(dashboard)/dashboard/page.tsx(210,9): error TS17004: Cannot use JSX unless the '--jsx' flag is provided.
../../apps/web/src/app/(dashboard)/dashboard/page.tsx(214,7): error TS17004: Cannot use JSX unless the '--jsx' flag is provided.
../../apps/web/src/app/(dashboard)/dashboard/sessions/page.tsx(2,29): error TS2307: Cannot find module '@/lib/session' or its corresponding type declarations.
../../apps/web/src/app/(dashboard)/dashboard/sessions/page.tsx(12,5): error TS17004: Cannot use JSX unless the '--jsx' flag is provided.
../../apps/web/src/app/(dashboard)/dashboard/sessions/page.tsx(14,7): error TS17004: Cannot use JSX unless the '--jsx' flag is provided.
../../apps/web/src/app/(dashboard)/dashboard/sessions/page.tsx(15,9): error TS17004: Cannot use JSX unless the '--jsx' flag is provided.
../../apps/web/src/app/(dashboard)/dashboard/sessions/page.tsx(16,11): error TS17004: Cannot use JSX unless the '--jsx' flag is provided.
../../apps/web/src/app/(dashboard)/dashboard/sessions/page.tsx(17,11): error TS17004: Cannot use JSX unless the '--jsx' flag is provided.
../../apps/web/src/app/(dashboard)/dashboard/sessions/page.tsx(21,9): error TS17004: Cannot use JSX unless the '--jsx' flag is provided.
../../apps/web/src/app/(dashboard)/dashboard/sessions/page.tsx(22,11): error TS17004: Cannot use JSX unless the '--jsx' flag is provided.
../../apps/web/src/app/(dashboard)/dashboard/sessions/page.tsx(23,13): error TS17004: Cannot use JSX unless the '--jsx' flag is provided.
../../apps/web/src/app/(dashboard)/dashboard/sessions/page.tsx(30,7): error TS17004: Cannot use JSX unless the '--jsx' flag is provided.
../../apps/web/src/app/(dashboard)/dashboard/sessions/page.tsx(31,9): error TS17004: Cannot use JSX unless the '--jsx' flag is provided.
../../apps/web/src/app/(dashboard)/dashboard/sessions/page.tsx(32,11): error TS17004: Cannot use JSX unless the '--jsx' flag is provided.
../../apps/web/src/app/(dashboard)/dashboard/sessions/page.tsx(33,13): error TS17004: Cannot use JSX unless the '--jsx' flag is provided.
../../apps/web/src/app/(dashboard)/dashboard/sessions/page.tsx(40,15): error TS17004: Cannot use JSX unless the '--jsx' flag is provided.
../../apps/web/src/app/(dashboard)/dashboard/sessions/page.tsx(49,11): error TS17004: Cannot use JSX unless the '--jsx' flag is provided.
../../apps/web/src/app/(dashboard)/dashboard/sessions/page.tsx(52,11): error TS17004: Cannot use JSX unless the '--jsx' flag is provided.
../../apps/web/src/app/(dashboard)/dashboard/sessions/page.tsx(56,11): error TS17004: Cannot use JSX unless the '--jsx' flag is provided.
../../apps/web/src/app/(dashboard)/dashboard/sessions/page.tsx(57,13): error TS17004: Cannot use JSX unless the '--jsx' flag is provided.
../../apps/web/src/app/(dashboard)/dashboard/sessions/page.tsx(60,19): error TS17004: Cannot use JSX unless the '--jsx' flag is provided.
../../apps/web/src/app/(dashboard)/dashboard/sessions/page.tsx(61,21): error TS17004: Cannot use JSX unless the '--jsx' flag is provided.
../../apps/web/src/app/(dashboard)/dashboard/sessions/page.tsx(67,21): error TS17004: Cannot use JSX unless the '--jsx' flag is provided.
../../apps/web/src/app/(dashboard)/dashboard/sessions/page.tsx(69,23): error TS17004: Cannot use JSX unless the '--jsx' flag is provided.
../../apps/web/src/app/(dashboard)/dashboard/sessions/page.tsx(76,25): error TS17004: Cannot use JSX unless the '--jsx' flag is provided.
../../apps/web/src/app/(dashboard)/dashboard/settings/page.tsx(2,29): error TS2307: Cannot find module '@/lib/session' or its corresponding type declarations.
../../apps/web/src/app/(dashboard)/dashboard/settings/page.tsx(16,5): error TS17004: Cannot use JSX unless the '--jsx' flag is provided.
../../apps/web/src/app/(dashboard)/dashboard/settings/page.tsx(18,7): error TS17004: Cannot use JSX unless the '--jsx' flag is provided.
../../apps/web/src/app/(dashboard)/dashboard/settings/page.tsx(19,9): error TS17004: Cannot use JSX unless the '--jsx' flag is provided.
../../apps/web/src/app/(dashboard)/dashboard/settings/page.tsx(20,9): error TS17004: Cannot use JSX unless the '--jsx' flag is provided.
../../apps/web/src/app/(dashboard)/dashboard/settings/page.tsx(26,7): error TS17004: Cannot use JSX unless the '--jsx' flag is provided.
../../apps/web/src/app/(dashboard)/dashboard/settings/page.tsx(27,9): error TS17004: Cannot use JSX unless the '--jsx' flag is provided.
../../apps/web/src/app/(dashboard)/dashboard/settings/page.tsx(34,9): error TS17004: Cannot use JSX unless the '--jsx' flag is provided.
../../apps/web/src/app/(dashboard)/dashboard/settings/page.tsx(35,11): error TS17004: Cannot use JSX unless the '--jsx' flag is provided.
../../apps/web/src/app/(dashboard)/dashboard/settings/page.tsx(36,13): error TS17004: Cannot use JSX unless the '--jsx' flag is provided.
../../apps/web/src/app/(dashboard)/dashboard/settings/page.tsx(37,15): error TS17004: Cannot use JSX unless the '--jsx' flag is provided.
../../apps/web/src/app/(dashboard)/dashboard/settings/page.tsx(40,15): error TS17004: Cannot use JSX unless the '--jsx' flag is provided.
../../apps/web/src/app/(dashboard)/dashboard/settings/page.tsx(44,13): error TS17004: Cannot use JSX unless the '--jsx' flag is provided.
../../apps/web/src/app/(dashboard)/dashboard/settings/page.tsx(49,11): error TS17004: Cannot use JSX unless the '--jsx' flag is provided.
../../apps/web/src/app/(dashboard)/dashboard/settings/page.tsx(50,13): error TS17004: Cannot use JSX unless the '--jsx' flag is provided.
../../apps/web/src/app/(dashboard)/dashboard/settings/page.tsx(53,13): error TS17004: Cannot use JSX unless the '--jsx' flag is provided.
../../apps/web/src/app/(dashboard)/dashboard/settings/page.tsx(54,15): error TS17004: Cannot use JSX unless the '--jsx' flag is provided.
../../apps/web/src/app/(dashboard)/dashboard/settings/page.tsx(55,15): error TS17004: Cannot use JSX unless the '--jsx' flag is provided.
../../apps/web/src/app/(dashboard)/dashboard/settings/page.tsx(67,7): error TS17004: Cannot use JSX unless the '--jsx' flag is provided.
../../apps/web/src/app/(dashboard)/dashboard/settings/page.tsx(68,9): error TS17004: Cannot use JSX unless the '--jsx' flag is provided.
../../apps/web/src/app/(dashboard)/dashboard/settings/page.tsx(75,9): error TS17004: Cannot use JSX unless the '--jsx' flag is provided.
../../apps/web/src/app/(dashboard)/dashboard/settings/page.tsx(76,11): error TS17004: Cannot use JSX unless the '--jsx' flag is provided.
../../apps/web/src/app/(dashboard)/dashboard/settings/page.tsx(77,13): error TS17004: Cannot use JSX unless the '--jsx' flag is provided.
../../apps/web/src/app/(dashboard)/dashboard/settings/page.tsx(80,13): error TS17004: Cannot use JSX unless the '--jsx' flag is provided.
../../apps/web/src/app/(dashboard)/dashboard/settings/page.tsx(83,11): error TS17004: Cannot use JSX unless the '--jsx' flag is provided.
../../apps/web/src/app/(dashboard)/dashboard/settings/page.tsx(84,13): error TS17004: Cannot use JSX unless the '--jsx' flag is provided.
../../apps/web/src/app/(dashboard)/dashboard/settings/page.tsx(87,13): error TS17004: Cannot use JSX unless the '--jsx' flag is provided.
../../apps/web/src/app/(dashboard)/dashboard/settings/page.tsx(92,11): error TS17004: Cannot use JSX unless the '--jsx' flag is provided.
../../apps/web/src/app/(dashboard)/dashboard/settings/page.tsx(93,13): error TS17004: Cannot use JSX unless the '--jsx' flag is provided.
../../apps/web/src/app/(dashboard)/dashboard/settings/page.tsx(96,13): error TS17004: Cannot use JSX unless the '--jsx' flag is provided.
../../apps/web/src/app/(dashboard)/dashboard/settings/page.tsx(100,15): error TS17004: Cannot use JSX unless the '--jsx' flag is provided.
../../apps/web/src/app/(dashboard)/dashboard/settings/page.tsx(101,17): error TS17004: Cannot use JSX unless the '--jsx' flag is provided.
../../apps/web/src/app/(dashboard)/dashboard/settings/page.tsx(110,7): error TS17004: Cannot use JSX unless the '--jsx' flag is provided.
../../apps/web/src/app/(dashboard)/dashboard/settings/page.tsx(111,9): error TS17004: Cannot use JSX unless the '--jsx' flag is provided.
../../apps/web/src/app/(dashboard)/dashboard/settings/page.tsx(117,9): error TS17004: Cannot use JSX unless the '--jsx' flag is provided.
../../apps/web/src/app/(dashboard)/dashboard/settings/page.tsx(121,9): error TS17004: Cannot use JSX unless the '--jsx' flag is provided.
../../apps/web/src/app/(dashboard)/dashboard/settings/page.tsx(125,11): error TS17004: Cannot use JSX unless the '--jsx' flag is provided.
../../apps/web/src/app/(dashboard)/dashboard/settings/page.tsx(134,13): error TS17004: Cannot use JSX unless the '--jsx' flag is provided.
../../apps/web/src/app/(dashboard)/dashboard/settings/page.tsx(135,13): error TS17004: Cannot use JSX unless the '--jsx' flag is provided.
../../apps/web/src/app/(dashboard)/dashboard/team/invite-form.tsx(4,28): error TS2307: Cannot find module '@/actions/auth' or its corresponding type declarations.
../../apps/web/src/app/(dashboard)/dashboard/team/invite-form.tsx(5,27): error TS2307: Cannot find module '@/components/form-field' or its corresponding type declarations.
../../apps/web/src/app/(dashboard)/dashboard/team/invite-form.tsx(6,30): error TS2307: Cannot find module '@/components/submit-button' or its corresponding type declarations.
../../apps/web/src/app/(dashboard)/dashboard/team/invite-form.tsx(14,16): error TS2339: Property 'success' does not exist on type 'never'.
../../apps/web/src/app/(dashboard)/dashboard/team/invite-form.tsx(17,14): error TS2339: Property 'success' does not exist on type 'never'.
../../apps/web/src/app/(dashboard)/dashboard/team/invite-form.tsx(20,5): error TS17004: Cannot use JSX unless the '--jsx' flag is provided.
../../apps/web/src/app/(dashboard)/dashboard/team/invite-form.tsx(21,7): error TS17004: Cannot use JSX unless the '--jsx' flag is provided.
../../apps/web/src/app/(dashboard)/dashboard/team/invite-form.tsx(22,9): error TS17004: Cannot use JSX unless the '--jsx' flag is provided.
../../apps/web/src/app/(dashboard)/dashboard/team/invite-form.tsx(23,11): error TS17004: Cannot use JSX unless the '--jsx' flag is provided.
../../apps/web/src/app/(dashboard)/dashboard/team/invite-form.tsx(30,13): error TS17004: Cannot use JSX unless the '--jsx' flag is provided.
../../apps/web/src/app/(dashboard)/dashboard/team/invite-form.tsx(36,13): error TS17004: Cannot use JSX unless the '--jsx' flag is provided.
../../apps/web/src/app/(dashboard)/dashboard/team/invite-form.tsx(37,13): error TS17004: Cannot use JSX unless the '--jsx' flag is provided.
../../apps/web/src/app/(dashboard)/dashboard/team/invite-form.tsx(45,9): error TS17004: Cannot use JSX unless the '--jsx' flag is provided.
../../apps/web/src/app/(dashboard)/dashboard/team/invite-form.tsx(46,11): error TS17004: Cannot use JSX unless the '--jsx' flag is provided.
../../apps/web/src/app/(dashboard)/dashboard/team/invite-form.tsx(49,11): error TS17004: Cannot use JSX unless the '--jsx' flag is provided.
../../apps/web/src/app/(dashboard)/dashboard/team/invite-form.tsx(55,15): error TS2339: Property 'success' does not exist on type 'never'.
../../apps/web/src/app/(dashboard)/dashboard/team/invite-form.tsx(56,9): error TS17004: Cannot use JSX unless the '--jsx' flag is provided.
../../apps/web/src/app/(dashboard)/dashboard/team/invite-form.tsx(57,11): error TS17004: Cannot use JSX unless the '--jsx' flag is provided.
../../apps/web/src/app/(dashboard)/dashboard/team/invite-form.tsx(58,13): error TS17004: Cannot use JSX unless the '--jsx' flag is provided.
../../apps/web/src/app/(dashboard)/dashboard/team/invite-form.tsx(63,15): error TS17004: Cannot use JSX unless the '--jsx' flag is provided.
../../apps/web/src/app/(dashboard)/dashboard/team/invite-form.tsx(69,20): error TS2339: Property 'message' does not exist on type 'never'.
../../apps/web/src/app/(dashboard)/dashboard/team/invite-form.tsx(74,15): error TS2339: Property 'message' does not exist on type 'never'.
../../apps/web/src/app/(dashboard)/dashboard/team/invite-form.tsx(74,33): error TS2339: Property 'success' does not exist on type 'never'.
../../apps/web/src/app/(dashboard)/dashboard/team/invite-form.tsx(75,9): error TS17004: Cannot use JSX unless the '--jsx' flag is provided.
../../apps/web/src/app/(dashboard)/dashboard/team/invite-form.tsx(76,11): error TS17004: Cannot use JSX unless the '--jsx' flag is provided.
../../apps/web/src/app/(dashboard)/dashboard/team/invite-form.tsx(77,13): error TS17004: Cannot use JSX unless the '--jsx' flag is provided.
../../apps/web/src/app/(dashboard)/dashboard/team/invite-form.tsx(82,15): error TS17004: Cannot use JSX unless the '--jsx' flag is provided.
../../apps/web/src/app/(dashboard)/dashboard/team/invite-form.tsx(88,20): error TS2339: Property 'message' does not exist on type 'never'.
../../apps/web/src/app/(dashboard)/dashboard/team/invite-form.tsx(93,7): error TS17004: Cannot use JSX unless the '--jsx' flag is provided.
../../apps/web/src/app/(dashboard)/dashboard/team/invite-form.tsx(94,9): error TS17004: Cannot use JSX unless the '--jsx' flag is provided.
../../apps/web/src/app/(dashboard)/dashboard/team/invite-form.tsx(95,11): error TS17004: Cannot use JSX unless the '--jsx' flag is provided.
../../apps/web/src/app/(dashboard)/dashboard/team/invite-form.tsx(99,28): error TS2339: Property 'errors' does not exist on type 'never'.
../../apps/web/src/app/(dashboard)/dashboard/team/invite-form.tsx(102,11): error TS17004: Cannot use JSX unless the '--jsx' flag is provided.
../../apps/web/src/app/(dashboard)/dashboard/team/invite-form.tsx(107,28): error TS2339: Property 'errors' does not exist on type 'never'.
../../apps/web/src/app/(dashboard)/dashboard/team/invite-form.tsx(111,9): error TS17004: Cannot use JSX unless the '--jsx' flag is provided.
../../apps/web/src/app/(dashboard)/dashboard/team/invite-form.tsx(112,11): error TS17004: Cannot use JSX unless the '--jsx' flag is provided.
../../apps/web/src/app/(dashboard)/dashboard/team/invite-form.tsx(113,13): error TS17004: Cannot use JSX unless the '--jsx' flag is provided.
../../apps/web/src/app/(dashboard)/dashboard/team/invite-form.tsx(122,15): error TS17004: Cannot use JSX unless the '--jsx' flag is provided.
../../apps/web/src/app/(dashboard)/dashboard/team/invite-form.tsx(123,15): error TS17004: Cannot use JSX unless the '--jsx' flag is provided.
../../apps/web/src/app/(dashboard)/dashboard/team/page.tsx(2,29): error TS2307: Cannot find module '@/lib/session' or its corresponding type declarations.
../../apps/web/src/app/(dashboard)/dashboard/team/page.tsx(3,26): error TS2307: Cannot find module '@/lib/api' or its corresponding type declarations.
../../apps/web/src/app/(dashboard)/dashboard/team/page.tsx(4,28): error TS6142: Module './invite-form' was resolved to '/Users/m3/Work/trueself/apps/web/src/app/(dashboard)/dashboard/team/invite-form.tsx', but '--jsx' is not set.
../../apps/web/src/app/(dashboard)/dashboard/team/page.tsx(40,7): error TS17004: Cannot use JSX unless the '--jsx' flag is provided.
../../apps/web/src/app/(dashboard)/dashboard/team/page.tsx(43,9): error TS17004: Cannot use JSX unless the '--jsx' flag is provided.
../../apps/web/src/app/(dashboard)/dashboard/team/page.tsx(44,11): error TS17004: Cannot use JSX unless the '--jsx' flag is provided.
../../apps/web/src/app/(dashboard)/dashboard/team/page.tsx(51,5): error TS17004: Cannot use JSX unless the '--jsx' flag is provided.
../../apps/web/src/app/(dashboard)/dashboard/team/page.tsx(67,5): error TS17004: Cannot use JSX unless the '--jsx' flag is provided.
../../apps/web/src/app/(dashboard)/dashboard/team/page.tsx(72,9): error TS17004: Cannot use JSX unless the '--jsx' flag is provided.
../../apps/web/src/app/(dashboard)/dashboard/team/page.tsx(99,5): error TS17004: Cannot use JSX unless the '--jsx' flag is provided.
../../apps/web/src/app/(dashboard)/dashboard/team/page.tsx(101,7): error TS17004: Cannot use JSX unless the '--jsx' flag is provided.
../../apps/web/src/app/(dashboard)/dashboard/team/page.tsx(102,9): error TS17004: Cannot use JSX unless the '--jsx' flag is provided.
../../apps/web/src/app/(dashboard)/dashboard/team/page.tsx(103,9): error TS17004: Cannot use JSX unless the '--jsx' flag is provided.
../../apps/web/src/app/(dashboard)/dashboard/team/page.tsx(105,11): error TS17004: Cannot use JSX unless the '--jsx' flag is provided.
../../apps/web/src/app/(dashboard)/dashboard/team/page.tsx(110,7): error TS17004: Cannot use JSX unless the '--jsx' flag is provided.
../../apps/web/src/app/(dashboard)/dashboard/team/page.tsx(111,9): error TS17004: Cannot use JSX unless the '--jsx' flag is provided.
../../apps/web/src/app/(dashboard)/dashboard/team/page.tsx(115,7): error TS17004: Cannot use JSX unless the '--jsx' flag is provided.
../../apps/web/src/app/(dashboard)/dashboard/team/page.tsx(116,9): error TS17004: Cannot use JSX unless the '--jsx' flag is provided.
../../apps/web/src/app/(dashboard)/dashboard/team/page.tsx(117,11): error TS17004: Cannot use JSX unless the '--jsx' flag is provided.
../../apps/web/src/app/(dashboard)/dashboard/team/page.tsx(123,11): error TS17004: Cannot use JSX unless the '--jsx' flag is provided.
../../apps/web/src/app/(dashboard)/dashboard/team/page.tsx(132,11): error TS17004: Cannot use JSX unless the '--jsx' flag is provided.
../../apps/web/src/app/(dashboard)/dashboard/team/page.tsx(133,13): error TS17004: Cannot use JSX unless the '--jsx' flag is provided.
../../apps/web/src/app/(dashboard)/dashboard/team/page.tsx(134,15): error TS17004: Cannot use JSX unless the '--jsx' flag is provided.
../../apps/web/src/app/(dashboard)/dashboard/team/page.tsx(141,17): error TS17004: Cannot use JSX unless the '--jsx' flag is provided.
../../apps/web/src/app/(dashboard)/dashboard/team/page.tsx(147,17): error TS17004: Cannot use JSX unless the '--jsx' flag is provided.
../../apps/web/src/app/(dashboard)/dashboard/team/page.tsx(150,13): error TS17004: Cannot use JSX unless the '--jsx' flag is provided.
../../apps/web/src/app/(dashboard)/dashboard/team/page.tsx(151,13): error TS17004: Cannot use JSX unless the '--jsx' flag is provided.
../../apps/web/src/app/(dashboard)/dashboard/team/page.tsx(156,11): error TS17004: Cannot use JSX unless the '--jsx' flag is provided.
../../apps/web/src/app/(dashboard)/dashboard/team/page.tsx(157,13): error TS17004: Cannot use JSX unless the '--jsx' flag is provided.
../../apps/web/src/app/(dashboard)/dashboard/team/page.tsx(158,15): error TS17004: Cannot use JSX unless the '--jsx' flag is provided.
../../apps/web/src/app/(dashboard)/dashboard/team/page.tsx(159,17): error TS17004: Cannot use JSX unless the '--jsx' flag is provided.
../../apps/web/src/app/(dashboard)/dashboard/team/page.tsx(160,19): error TS17004: Cannot use JSX unless the '--jsx' flag is provided.
../../apps/web/src/app/(dashboard)/dashboard/team/page.tsx(166,19): error TS17004: Cannot use JSX unless the '--jsx' flag is provided.
../../apps/web/src/app/(dashboard)/dashboard/team/page.tsx(172,19): error TS17004: Cannot use JSX unless the '--jsx' flag is provided.
../../apps/web/src/app/(dashboard)/dashboard/team/page.tsx(178,19): error TS17004: Cannot use JSX unless the '--jsx' flag is provided.
../../apps/web/src/app/(dashboard)/dashboard/team/page.tsx(186,15): error TS17004: Cannot use JSX unless the '--jsx' flag is provided.
../../apps/web/src/app/(dashboard)/dashboard/team/page.tsx(188,19): error TS17004: Cannot use JSX unless the '--jsx' flag is provided.
../../apps/web/src/app/(dashboard)/dashboard/team/page.tsx(192,21): error TS17004: Cannot use JSX unless the '--jsx' flag is provided.
../../apps/web/src/app/(dashboard)/dashboard/team/page.tsx(193,23): error TS17004: Cannot use JSX unless the '--jsx' flag is provided.
../../apps/web/src/app/(dashboard)/dashboard/team/page.tsx(194,25): error TS17004: Cannot use JSX unless the '--jsx' flag is provided.
../../apps/web/src/app/(dashboard)/dashboard/team/page.tsx(197,25): error TS17004: Cannot use JSX unless the '--jsx' flag is provided.
../../apps/web/src/app/(dashboard)/dashboard/team/page.tsx(202,21): error TS17004: Cannot use JSX unless the '--jsx' flag is provided.
../../apps/web/src/app/(dashboard)/dashboard/team/page.tsx(203,23): error TS17004: Cannot use JSX unless the '--jsx' flag is provided.
../../apps/web/src/app/(dashboard)/dashboard/team/page.tsx(210,21): error TS17004: Cannot use JSX unless the '--jsx' flag is provided.
../../apps/web/src/app/(dashboard)/dashboard/team/page.tsx(211,23): error TS17004: Cannot use JSX unless the '--jsx' flag is provided.
../../apps/web/src/app/(dashboard)/dashboard/team/page.tsx(213,21): error TS17004: Cannot use JSX unless the '--jsx' flag is provided.
../../apps/web/src/app/(dashboard)/dashboard/team/page.tsx(214,23): error TS17004: Cannot use JSX unless the '--jsx' flag is provided.
../../apps/web/src/app/(dashboard)/dashboard/team/page.tsx(231,9): error TS17004: Cannot use JSX unless the '--jsx' flag is provided.
../../apps/web/src/app/(dashboard)/dashboard/team/page.tsx(232,11): error TS17004: Cannot use JSX unless the '--jsx' flag is provided.
../../apps/web/src/app/(dashboard)/dashboard/team/page.tsx(233,13): error TS17004: Cannot use JSX unless the '--jsx' flag is provided.
../../apps/web/src/app/(dashboard)/dashboard/team/page.tsx(239,13): error TS17004: Cannot use JSX unless the '--jsx' flag is provided.
../../apps/web/src/app/(dashboard)/dashboard/team/page.tsx(247,11): error TS17004: Cannot use JSX unless the '--jsx' flag is provided.
../../apps/web/src/app/(dashboard)/dashboard/team/page.tsx(249,15): error TS17004: Cannot use JSX unless the '--jsx' flag is provided.
../../apps/web/src/app/(dashboard)/dashboard/team/page.tsx(253,17): error TS17004: Cannot use JSX unless the '--jsx' flag is provided.
../../apps/web/src/app/(dashboard)/dashboard/team/page.tsx(254,19): error TS17004: Cannot use JSX unless the '--jsx' flag is provided.
../../apps/web/src/app/(dashboard)/dashboard/team/page.tsx(255,21): error TS17004: Cannot use JSX unless the '--jsx' flag is provided.
../../apps/web/src/app/(dashboard)/dashboard/team/page.tsx(262,23): error TS17004: Cannot use JSX unless the '--jsx' flag is provided.
../../apps/web/src/app/(dashboard)/dashboard/team/page.tsx(271,19): error TS17004: Cannot use JSX unless the '--jsx' flag is provided.
../../apps/web/src/app/(dashboard)/dashboard/team/page.tsx(272,21): error TS17004: Cannot use JSX unless the '--jsx' flag is provided.
../../apps/web/src/app/(dashboard)/dashboard/team/page.tsx(275,21): error TS17004: Cannot use JSX unless the '--jsx' flag is provided.
../../apps/web/src/app/(dashboard)/dashboard/team/page.tsx(283,17): error TS17004: Cannot use JSX unless the '--jsx' flag is provided.
../../apps/web/src/app/(dashboard)/dashboard/team/page.tsx(284,19): error TS17004: Cannot use JSX unless the '--jsx' flag is provided.
../../apps/web/src/app/(dashboard)/dashboard/team/page.tsx(285,19): error TS17004: Cannot use JSX unless the '--jsx' flag is provided.
../../apps/web/src/app/(dashboard)/dashboard/team/page.tsx(300,9): error TS17004: Cannot use JSX unless the '--jsx' flag is provided.
../../apps/web/src/app/(dashboard)/dashboard/team/page.tsx(301,11): error TS17004: Cannot use JSX unless the '--jsx' flag is provided.
../../apps/web/src/app/(dashboard)/dashboard/team/page.tsx(302,13): error TS17004: Cannot use JSX unless the '--jsx' flag is provided.
../../apps/web/src/app/(dashboard)/dashboard/team/page.tsx(308,13): error TS17004: Cannot use JSX unless the '--jsx' flag is provided.
../../apps/web/src/app/(dashboard)/dashboard/team/page.tsx(316,11): error TS17004: Cannot use JSX unless the '--jsx' flag is provided.
../../apps/web/src/app/(dashboard)/dashboard/team/page.tsx(318,15): error TS17004: Cannot use JSX unless the '--jsx' flag is provided.
../../apps/web/src/app/(dashboard)/dashboard/team/page.tsx(322,17): error TS17004: Cannot use JSX unless the '--jsx' flag is provided.
../../apps/web/src/app/(dashboard)/dashboard/team/page.tsx(323,19): error TS17004: Cannot use JSX unless the '--jsx' flag is provided.
../../apps/web/src/app/(dashboard)/dashboard/team/page.tsx(324,21): error TS17004: Cannot use JSX unless the '--jsx' flag is provided.
../../apps/web/src/app/(dashboard)/dashboard/team/page.tsx(328,19): error TS17004: Cannot use JSX unless the '--jsx' flag is provided.
../../apps/web/src/app/(dashboard)/dashboard/team/page.tsx(329,21): error TS17004: Cannot use JSX unless the '--jsx' flag is provided.
../../apps/web/src/app/(dashboard)/dashboard/team/page.tsx(332,21): error TS17004: Cannot use JSX unless the '--jsx' flag is provided.
../../apps/web/src/app/(dashboard)/dashboard/team/page.tsx(340,17): error TS17004: Cannot use JSX unless the '--jsx' flag is provided.
../../apps/web/src/app/(dashboard)/dashboard/team/page.tsx(341,19): error TS17004: Cannot use JSX unless the '--jsx' flag is provided.
../../apps/web/src/app/(dashboard)/dashboard/team/page.tsx(342,19): error TS17004: Cannot use JSX unless the '--jsx' flag is provided.
../../apps/web/src/app/(dashboard)/layout.tsx(2,29): error TS2307: Cannot find module '@/lib/session' or its corresponding type declarations.
../../apps/web/src/app/(dashboard)/layout.tsx(3,25): error TS2307: Cannot find module '@/components/sidebar' or its corresponding type declarations.
../../apps/web/src/app/(dashboard)/layout.tsx(17,5): error TS17004: Cannot use JSX unless the '--jsx' flag is provided.
../../apps/web/src/app/(dashboard)/layout.tsx(18,7): error TS17004: Cannot use JSX unless the '--jsx' flag is provided.
../../apps/web/src/app/(dashboard)/layout.tsx(24,7): error TS17004: Cannot use JSX unless the '--jsx' flag is provided.
../../apps/web/src/app/(dashboard)/layout.tsx(25,9): error TS17004: Cannot use JSX unless the '--jsx' flag is provided.
../../apps/web/src/app/layout.tsx(16,5): error TS17004: Cannot use JSX unless the '--jsx' flag is provided.
../../apps/web/src/app/layout.tsx(17,7): error TS17004: Cannot use JSX unless the '--jsx' flag is provided.
../../apps/web/src/components/form-field.tsx(33,5): error TS17004: Cannot use JSX unless the '--jsx' flag is provided.
../../apps/web/src/components/form-field.tsx(34,7): error TS17004: Cannot use JSX unless the '--jsx' flag is provided.
../../apps/web/src/components/form-field.tsx(40,7): error TS17004: Cannot use JSX unless the '--jsx' flag is provided.
../../apps/web/src/components/form-field.tsx(53,9): error TS17004: Cannot use JSX unless the '--jsx' flag is provided.
../../apps/web/src/components/form-field.tsx(54,11): error TS17004: Cannot use JSX unless the '--jsx' flag is provided.
../../apps/web/src/components/form-field.tsx(59,13): error TS17004: Cannot use JSX unless the '--jsx' flag is provided.
../../apps/web/src/components/form-field.tsx(65,11): error TS17004: Cannot use JSX unless the '--jsx' flag is provided.
../../apps/web/src/components/logo.tsx(10,5): error TS17004: Cannot use JSX unless the '--jsx' flag is provided.
../../apps/web/src/components/logo.tsx(11,7): error TS17004: Cannot use JSX unless the '--jsx' flag is provided.
../../apps/web/src/components/logo.tsx(16,9): error TS17004: Cannot use JSX unless the '--jsx' flag is provided.
../../apps/web/src/components/logo.tsx(23,11): error TS17004: Cannot use JSX unless the '--jsx' flag is provided.
../../apps/web/src/components/logo.tsx(28,11): error TS17004: Cannot use JSX unless the '--jsx' flag is provided.
../../apps/web/src/components/logo.tsx(35,7): error TS17004: Cannot use JSX unless the '--jsx' flag is provided.
../../apps/web/src/components/logo.tsx(39,13): error TS17004: Cannot use JSX unless the '--jsx' flag is provided.
../../apps/web/src/components/onboarding-wizard.tsx(4,48): error TS2307: Cannot find module '@/actions/auth' or its corresponding type declarations.
../../apps/web/src/components/onboarding-wizard.tsx(5,27): error TS6142: Module './form-field' was resolved to '/Users/m3/Work/trueself/apps/web/src/components/form-field.tsx', but '--jsx' is not set.
../../apps/web/src/components/onboarding-wizard.tsx(6,30): error TS6142: Module './submit-button' was resolved to '/Users/m3/Work/trueself/apps/web/src/components/submit-button.tsx', but '--jsx' is not set.
../../apps/web/src/components/onboarding-wizard.tsx(20,5): error TS17004: Cannot use JSX unless the '--jsx' flag is provided.
../../apps/web/src/components/onboarding-wizard.tsx(21,7): error TS17004: Cannot use JSX unless the '--jsx' flag is provided.
../../apps/web/src/components/onboarding-wizard.tsx(22,9): error TS17004: Cannot use JSX unless the '--jsx' flag is provided.
../../apps/web/src/components/onboarding-wizard.tsx(24,11): error TS17004: Cannot use JSX unless the '--jsx' flag is provided.
../../apps/web/src/components/onboarding-wizard.tsx(26,15): error TS17004: Cannot use JSX unless the '--jsx' flag is provided.
../../apps/web/src/components/onboarding-wizard.tsx(36,13): error TS17004: Cannot use JSX unless the '--jsx' flag is provided.
../../apps/web/src/components/onboarding-wizard.tsx(37,15): error TS17004: Cannot use JSX unless the '--jsx' flag is provided.
../../apps/web/src/components/onboarding-wizard.tsx(38,17): error TS17004: Cannot use JSX unless the '--jsx' flag is provided.
../../apps/web/src/components/onboarding-wizard.tsx(39,19): error TS17004: Cannot use JSX unless the '--jsx' flag is provided.
../../apps/web/src/components/onboarding-wizard.tsx(46,21): error TS17004: Cannot use JSX unless the '--jsx' flag is provided.
../../apps/web/src/components/onboarding-wizard.tsx(52,17): error TS17004: Cannot use JSX unless the '--jsx' flag is provided.
../../apps/web/src/components/onboarding-wizard.tsx(53,19): error TS17004: Cannot use JSX unless the '--jsx' flag is provided.
../../apps/web/src/components/onboarding-wizard.tsx(56,19): error TS17004: Cannot use JSX unless the '--jsx' flag is provided.
../../apps/web/src/components/onboarding-wizard.tsx(60,15): error TS17004: Cannot use JSX unless the '--jsx' flag is provided.
../../apps/web/src/components/onboarding-wizard.tsx(66,29): error TS2339: Property 'success' does not exist on type 'never'.
../../apps/web/src/components/onboarding-wizard.tsx(67,17): error TS17004: Cannot use JSX unless the '--jsx' flag is provided.
../../apps/web/src/components/onboarding-wizard.tsx(68,19): error TS17004: Cannot use JSX unless the '--jsx' flag is provided.
../../apps/web/src/components/onboarding-wizard.tsx(69,21): error TS17004: Cannot use JSX unless the '--jsx' flag is provided.
../../apps/web/src/components/onboarding-wizard.tsx(74,23): error TS17004: Cannot use JSX unless the '--jsx' flag is provided.
../../apps/web/src/components/onboarding-wizard.tsx(80,34): error TS2339: Property 'message' does not exist on type 'never'.
../../apps/web/src/components/onboarding-wizard.tsx(85,29): error TS2339: Property 'message' does not exist on type 'never'.
../../apps/web/src/components/onboarding-wizard.tsx(85,53): error TS2339: Property 'success' does not exist on type 'never'.
../../apps/web/src/components/onboarding-wizard.tsx(86,17): error TS17004: Cannot use JSX unless the '--jsx' flag is provided.
../../apps/web/src/components/onboarding-wizard.tsx(87,19): error TS17004: Cannot use JSX unless the '--jsx' flag is provided.
../../apps/web/src/components/onboarding-wizard.tsx(88,34): error TS2339: Property 'message' does not exist on type 'never'.
../../apps/web/src/components/onboarding-wizard.tsx(93,15): error TS17004: Cannot use JSX unless the '--jsx' flag is provided.
../../apps/web/src/components/onboarding-wizard.tsx(94,17): error TS17004: Cannot use JSX unless the '--jsx' flag is provided.
../../apps/web/src/components/onboarding-wizard.tsx(98,40): error TS2339: Property 'errors' does not exist on type 'never'.
../../apps/web/src/components/onboarding-wizard.tsx(101,17): error TS17004: Cannot use JSX unless the '--jsx' flag is provided.
../../apps/web/src/components/onboarding-wizard.tsx(106,40): error TS2339: Property 'errors' does not exist on type 'never'.
../../apps/web/src/components/onboarding-wizard.tsx(109,17): error TS17004: Cannot use JSX unless the '--jsx' flag is provided.
../../apps/web/src/components/onboarding-wizard.tsx(110,19): error TS17004: Cannot use JSX unless the '--jsx' flag is provided.
../../apps/web/src/components/onboarding-wizard.tsx(113,19): error TS17004: Cannot use JSX unless the '--jsx' flag is provided.
../../apps/web/src/components/onboarding-wizard.tsx(123,29): error TS2339: Property 'success' does not exist on type 'never'.
../../apps/web/src/components/onboarding-wizard.tsx(124,17): error TS17004: Cannot use JSX unless the '--jsx' flag is provided.
../../apps/web/src/components/onboarding-wizard.tsx(135,13): error TS17004: Cannot use JSX unless the '--jsx' flag is provided.
../../apps/web/src/components/onboarding-wizard.tsx(136,15): error TS17004: Cannot use JSX unless the '--jsx' flag is provided.
../../apps/web/src/components/onboarding-wizard.tsx(137,17): error TS17004: Cannot use JSX unless the '--jsx' flag is provided.
../../apps/web/src/components/onboarding-wizard.tsx(138,19): error TS17004: Cannot use JSX unless the '--jsx' flag is provided.
../../apps/web/src/components/onboarding-wizard.tsx(145,21): error TS17004: Cannot use JSX unless the '--jsx' flag is provided.
../../apps/web/src/components/onboarding-wizard.tsx(150,21): error TS17004: Cannot use JSX unless the '--jsx' flag is provided.
../../apps/web/src/components/onboarding-wizard.tsx(156,17): error TS17004: Cannot use JSX unless the '--jsx' flag is provided.
../../apps/web/src/components/onboarding-wizard.tsx(157,19): error TS17004: Cannot use JSX unless the '--jsx' flag is provided.
../../apps/web/src/components/onboarding-wizard.tsx(158,19): error TS17004: Cannot use JSX unless the '--jsx' flag is provided.
../../apps/web/src/components/onboarding-wizard.tsx(162,15): error TS17004: Cannot use JSX unless the '--jsx' flag is provided.
../../apps/web/src/components/onboarding-wizard.tsx(167,15): error TS17004: Cannot use JSX unless the '--jsx' flag is provided.
../../apps/web/src/components/onboarding-wizard.tsx(168,17): error TS17004: Cannot use JSX unless the '--jsx' flag is provided.
../../apps/web/src/components/onboarding-wizard.tsx(169,19): error TS17004: Cannot use JSX unless the '--jsx' flag is provided.
../../apps/web/src/components/onboarding-wizard.tsx(170,21): error TS17004: Cannot use JSX unless the '--jsx' flag is provided.
../../apps/web/src/components/onboarding-wizard.tsx(175,23): error TS17004: Cannot use JSX unless the '--jsx' flag is provided.
../../apps/web/src/components/onboarding-wizard.tsx(182,19): error TS17004: Cannot use JSX unless the '--jsx' flag is provided.
../../apps/web/src/components/onboarding-wizard.tsx(186,17): error TS17004: Cannot use JSX unless the '--jsx' flag is provided.
../../apps/web/src/components/onboarding-wizard.tsx(187,19): error TS17004: Cannot use JSX unless the '--jsx' flag is provided.
../../apps/web/src/components/onboarding-wizard.tsx(188,21): error TS17004: Cannot use JSX unless the '--jsx' flag is provided.
../../apps/web/src/components/onboarding-wizard.tsx(193,23): error TS17004: Cannot use JSX unless the '--jsx' flag is provided.
../../apps/web/src/components/onboarding-wizard.tsx(200,19): error TS17004: Cannot use JSX unless the '--jsx' flag is provided.
../../apps/web/src/components/onboarding-wizard.tsx(206,15): error TS17004: Cannot use JSX unless the '--jsx' flag is provided.
../../apps/web/src/components/onboarding-wizard.tsx(211,17): error TS17004: Cannot use JSX unless the '--jsx' flag is provided.
../../apps/web/src/components/sidebar.tsx(4,24): error TS2307: Cannot find module '@/actions/auth' or its corresponding type declarations.
../../apps/web/src/components/sidebar.tsx(5,22): error TS6142: Module './logo' was resolved to '/Users/m3/Work/trueself/apps/web/src/components/logo.tsx', but '--jsx' is not set.
../../apps/web/src/components/sidebar.tsx(28,7): error TS17004: Cannot use JSX unless the '--jsx' flag is provided.
../../apps/web/src/components/sidebar.tsx(29,9): error TS17004: Cannot use JSX unless the '--jsx' flag is provided.
../../apps/web/src/components/sidebar.tsx(30,9): error TS17004: Cannot use JSX unless the '--jsx' flag is provided.
../../apps/web/src/components/sidebar.tsx(31,9): error TS17004: Cannot use JSX unless the '--jsx' flag is provided.
../../apps/web/src/components/sidebar.tsx(32,9): error TS17004: Cannot use JSX unless the '--jsx' flag is provided.
../../apps/web/src/components/sidebar.tsx(41,7): error TS17004: Cannot use JSX unless the '--jsx' flag is provided.
../../apps/web/src/components/sidebar.tsx(42,9): error TS17004: Cannot use JSX unless the '--jsx' flag is provided.
../../apps/web/src/components/sidebar.tsx(51,7): error TS17004: Cannot use JSX unless the '--jsx' flag is provided.
../../apps/web/src/components/sidebar.tsx(52,9): error TS17004: Cannot use JSX unless the '--jsx' flag is provided.
../../apps/web/src/components/sidebar.tsx(53,9): error TS17004: Cannot use JSX unless the '--jsx' flag is provided.
../../apps/web/src/components/sidebar.tsx(54,9): error TS17004: Cannot use JSX unless the '--jsx' flag is provided.
../../apps/web/src/components/sidebar.tsx(55,9): error TS17004: Cannot use JSX unless the '--jsx' flag is provided.
../../apps/web/src/components/sidebar.tsx(64,7): error TS17004: Cannot use JSX unless the '--jsx' flag is provided.
../../apps/web/src/components/sidebar.tsx(65,9): error TS17004: Cannot use JSX unless the '--jsx' flag is provided.
../../apps/web/src/components/sidebar.tsx(66,9): error TS17004: Cannot use JSX unless the '--jsx' flag is provided.
../../apps/web/src/components/sidebar.tsx(84,5): error TS17004: Cannot use JSX unless the '--jsx' flag is provided.
../../apps/web/src/components/sidebar.tsx(86,7): error TS17004: Cannot use JSX unless the '--jsx' flag is provided.
../../apps/web/src/components/sidebar.tsx(87,9): error TS17004: Cannot use JSX unless the '--jsx' flag is provided.
../../apps/web/src/components/sidebar.tsx(88,9): error TS17004: Cannot use JSX unless the '--jsx' flag is provided.
../../apps/web/src/components/sidebar.tsx(89,11): error TS17004: Cannot use JSX unless the '--jsx' flag is provided.
../../apps/web/src/components/sidebar.tsx(95,11): error TS17004: Cannot use JSX unless the '--jsx' flag is provided.
../../apps/web/src/components/sidebar.tsx(102,7): error TS17004: Cannot use JSX unless the '--jsx' flag is provided.
../../apps/web/src/components/sidebar.tsx(110,13): error TS17004: Cannot use JSX unless the '--jsx' flag is provided.
../../apps/web/src/components/sidebar.tsx(122,15): error TS17004: Cannot use JSX unless the '--jsx' flag is provided.
../../apps/web/src/components/sidebar.tsx(132,7): error TS17004: Cannot use JSX unless the '--jsx' flag is provided.
../../apps/web/src/components/sidebar.tsx(133,9): error TS17004: Cannot use JSX unless the '--jsx' flag is provided.
../../apps/web/src/components/sidebar.tsx(134,11): error TS17004: Cannot use JSX unless the '--jsx' flag is provided.
../../apps/web/src/components/sidebar.tsx(137,11): error TS17004: Cannot use JSX unless the '--jsx' flag is provided.
../../apps/web/src/components/sidebar.tsx(138,13): error TS17004: Cannot use JSX unless the '--jsx' flag is provided.
../../apps/web/src/components/sidebar.tsx(141,13): error TS17004: Cannot use JSX unless the '--jsx' flag is provided.
../../apps/web/src/components/sidebar.tsx(148,11): error TS17004: Cannot use JSX unless the '--jsx' flag is provided.
../../apps/web/src/components/sidebar.tsx(149,13): error TS17004: Cannot use JSX unless the '--jsx' flag is provided.
../../apps/web/src/components/sidebar.tsx(154,15): error TS17004: Cannot use JSX unless the '--jsx' flag is provided.
../../apps/web/src/components/sidebar.tsx(164,17): error TS17004: Cannot use JSX unless the '--jsx' flag is provided.
../../apps/web/src/components/sidebar.tsx(165,17): error TS17004: Cannot use JSX unless the '--jsx' flag is provided.
../../apps/web/src/components/sidebar.tsx(166,17): error TS17004: Cannot use JSX unless the '--jsx' flag is provided.
../../apps/web/src/components/submit-button.tsx(15,5): error TS17004: Cannot use JSX unless the '--jsx' flag is provided.
../../apps/web/src/components/submit-button.tsx(21,9): error TS17004: Cannot use JSX unless the '--jsx' flag is provided.
../../apps/web/src/components/submit-button.tsx(22,11): error TS17004: Cannot use JSX unless the '--jsx' flag is provided.
../../apps/web/src/components/submit-button.tsx(27,13): error TS17004: Cannot use JSX unless the '--jsx' flag is provided.
../../apps/web/src/components/submit-button.tsx(35,13): error TS17004: Cannot use JSX unless the '--jsx' flag is provided.
../../apps/web/src/components/submit-button.tsx(41,11): error TS17004: Cannot use JSX unless the '--jsx' flag is provided.
../../apps/web/src/middleware.ts(2,37): error TS2307: Cannot find module '@/lib/constants' or its corresponding type declarations.
 ELIFECYCLE  Command failed with exit code 2.
 WARN   Local package.json exists, but node_modules missing, did you mean to install?
